exports[`test App displays box 1`] = `
<div>
  <h1>
    Hello, world.
  </h1>
  <div
    className="box">
    Don\'t put me in a box
  </div>
</div>
`;
